	Command being timed: "/nobackup/pjjg18/revbayes/projects/cmake/build/rb mc3time.Rev"
	User time (seconds): 19131.22
	System time (seconds): 2.05
	Percent of CPU this job got: 99%
	Elapsed (wall clock) time (h:mm:ss or m:ss): 5:20:41
	Average shared text size (kbytes): 0
	Average unshared data size (kbytes): 0
	Average stack size (kbytes): 0
	Average total size (kbytes): 0
	Maximum resident set size (kbytes): 3671412
	Average resident set size (kbytes): 0
	Major (requiring I/O) page faults: 135
	Minor (reclaiming a frame) page faults: 335100
	Voluntary context switches: 1100
	Involuntary context switches: 45404
	Swaps: 0
	File system inputs: 1392
	File system outputs: 1536
	Socket messages sent: 0
	Socket messages received: 0
	Signals delivered: 0
	Page size (bytes): 4096
	Exit status: 0
